Relational SQL Query14 ETHMSB Test: 
--------------------------------------------------------
Records: 64
Threads: 96
Filtering Time: 599 ms
Filtering finish
Aggregation :
Generating Parameters...
Generating Conversion Key...
Starting Conversion...
Repack average error = 0.000000 ~ 2^-22.6
Repack average error = 0.000000 ~ 2^-24.4
Aggregating price and discount ..
Remian modulus: 2
Aggregation Time: 34080 ms
Query Evaluation Time: 34679 ms
Encrypted query result: 
promo_revenue
    0.513514
Plain query result: 
promo_revenue
    0.513514




Wall Time: 114.19 s
