Records: 128
Threads: 96
Predicate evaluation: 
Generating evaluation key...
Encrypting Database...
Encrypting Predicate Values...
Start Predicate Evaluation...
Predicate Error: 0
Predicate Evaluation Time: 1224 ms
Aggregation :
Generating Parameters...
Generating Conversion Key...
Starting Conversion...
Repack average error = 0.000000 ~ 2^-22.7
Aggregating price and discount ..
Plain_result: 509
Encrypted query result: 509
Aggregation Time: 20679 ms
End-to-End Time: 21.903 s
Wall Time: 99.92 s
