Records: 256
Threads: 96
Predicate evaluation: 
Generating evaluation key...
Encrypting Database...
Encrypting Predicate Values...
Start Predicate Evaluation...
Predicate Error: 0
Predicate Evaluation Time: 2234 ms
Aggregation :
Generating Parameters...
Generating Conversion Key...
Starting Conversion...
Repack average error = 0.000000 ~ 2^-22.9
Aggregating price and discount ..
Plain_result: 710
Encrypted query result: 710
Aggregation Time: 26044 ms
End-to-End Time: 28.278 s
Wall Time: 106.01 s
